---
source: tui/src/onboarding/trust_directory.rs
expression: terminal.backend()
---
▣ Folder safety

> A-Eye is running in /workspace/project

  Recommended for most users: ask before edits and commands. You can
  switch to a faster mode later.

  1. Ask before edits and commands (recommended)
› 2. Allow faster changes in this folder                              

  Press enter to save this folder safety choice
